
> arbitrum-gmx-agent-skill@1.0.0 test
> node test/run.js


≡ƒôï GMX Agent Skill Test Suite

============================================================
  ΓÅ│ Connect to Arbitrum One... Γ£à (3088ms)
     ΓåÆ {"block":448339263}...
  ΓÅ│ Get ETH/USD price... Γ£à (390ms)
     ΓåÆ {"price":2050.59439,"feed":"0x639Fe6ab55C921f74e7fac1ee960C0B6293ba612"}...
  ΓÅ│ Get all prices (6 feeds)... Γ£à (1502ms)
     ΓåÆ {"total":6,"succeeded":6}...
  ΓÅ│ Get ETH/USD market info... Γ£à (379ms)
     ΓåÆ {"longToken":"0x82aF...","shortToken":"0xaf88..."}...
  ΓÅ│ Get ETH/USD open interest... Γ£à (704ms)
     ΓåÆ {"longOI":"0.00","shortOI":"0.00","totalOI":"0.00"}...
  ΓÅ│ Market Reader: getAllMarkets... Γ£à (3748ms)
     ΓåÆ {"markets":5}...
  ΓÅ│ Market Reader: getFundingRate ETH/USD... Γ£à (746ms)
     ΓåÆ {"direction":"NEUTRAL","dailyRate":"0.000%"}...
  ΓÅ│ Pool Analyzer: getAllPoolStats... Γ£à (7060ms)
     ΓåÆ {"pools":4,"totalTVL":"2882036260814.52"}...
  ΓÅ│ Strategy: analyzeMarket ETH/USD... Γ£à (761ms)
     ΓåÆ {"recommendation":"NEUTRAL","confidence":"LOW","signals":3}...
  ΓÅ¡∩╕Å  Agent registration ΓÇö Manual test ΓÇö requires private key, AGENT_ENDPOINT for full flow

============================================================

≡ƒôè Test Results:

   Γ£à Passed:  9
   Γ¥î Failed:  0
   ΓÅ¡∩╕Å  Skipped: 1

   Total: 9 / 10

Γ£¿ All tests passed!

